#-----------------------------------------------------------
# Vivado v2019.1 (64-bit)
# SW Build 2552052 on Fri May 24 14:47:09 MDT 2019
# IP Build 2548770 on Fri May 24 18:01:18 MDT 2019
# Start of session at: Fri Jan 20 18:32:28 2023
# Process ID: 70464
# Current directory: /home/zhichao/Downloads/GRLIB/grlib-gpl-2022.4-b4280/designs/noelv-digilent-arty-a7/vivado/noelv-digilent-arty-a7/noelv-digilent-arty-a7.runs/mig_cdc_synth_1
# Command line: vivado -log mig_cdc.vds -product Vivado -mode batch -messageDb vivado.pb -notrace -source mig_cdc.tcl
# Log file: /home/zhichao/Downloads/GRLIB/grlib-gpl-2022.4-b4280/designs/noelv-digilent-arty-a7/vivado/noelv-digilent-arty-a7/noelv-digilent-arty-a7.runs/mig_cdc_synth_1/mig_cdc.vds
# Journal file: /home/zhichao/Downloads/GRLIB/grlib-gpl-2022.4-b4280/designs/noelv-digilent-arty-a7/vivado/noelv-digilent-arty-a7/noelv-digilent-arty-a7.runs/mig_cdc_synth_1/vivado.jou
#-----------------------------------------------------------
source mig_cdc.tcl -notrace
