Copyright 1986-2019 Xilinx, Inc. All Rights Reserved.
------------------------------------------------------------------------------------------
| Tool Version      : Vivado v.2019.1 (lin64) Build 2552052 Fri May 24 14:47:09 MDT 2019
| Date              : Fri Jan 20 23:06:30 2023
| Host              : coding running 64-bit Ubuntu 20.04.5 LTS
| Command           : report_clock_utilization -file noelvmp_clock_utilization_routed.rpt
| Design            : noelvmp
| Device            : 7a100ti-csg324
| Speed File        : -1L  PRODUCTION 1.23 2018-06-13
| Temperature Grade : I
| Design State      : Routed
------------------------------------------------------------------------------------------

Clock Utilization Report

Table of Contents
-----------------
1. Clock Primitive Utilization
2. Global Clock Resources
3. Global Clock Source Details
4. Local Clock Details
5. Clock Regions: Key Resource Utilization
6. Clock Regions : Global Clock Summary
7. Device Cell Placement Summary for Global Clock g0
8. Device Cell Placement Summary for Global Clock g1
9. Device Cell Placement Summary for Global Clock g2
10. Device Cell Placement Summary for Global Clock g3
11. Device Cell Placement Summary for Global Clock g4
12. Device Cell Placement Summary for Global Clock g5
13. Device Cell Placement Summary for Global Clock g6
14. Device Cell Placement Summary for Global Clock g7
15. Device Cell Placement Summary for Global Clock g8
16. Clock Region Cell Placement per Global Clock: Region X0Y0
17. Clock Region Cell Placement per Global Clock: Region X1Y0
18. Clock Region Cell Placement per Global Clock: Region X0Y1
19. Clock Region Cell Placement per Global Clock: Region X1Y1
20. Clock Region Cell Placement per Global Clock: Region X0Y2
21. Clock Region Cell Placement per Global Clock: Region X1Y2
22. Clock Region Cell Placement per Global Clock: Region X0Y3
23. Clock Region Cell Placement per Global Clock: Region X1Y3

1. Clock Primitive Utilization
------------------------------

+----------+------+-----------+-----+--------------+--------+
| Type     | Used | Available | LOC | Clock Region | Pblock |
+----------+------+-----------+-----+--------------+--------+
| BUFGCTRL |    8 |        32 |   0 |            0 |      0 |
| BUFH     |    1 |        96 |   0 |            0 |      0 |
| BUFIO    |    0 |        24 |   0 |            0 |      0 |
| BUFMR    |    0 |        12 |   0 |            0 |      0 |
| BUFR     |    0 |        24 |   0 |            0 |      0 |
| MMCM     |    1 |         6 |   1 |            0 |      0 |
| PLL      |    2 |         6 |   1 |            0 |      0 |
+----------+------+-----------+-----+--------------+--------+


2. Global Clock Resources
-------------------------

+-----------+-----------+-----------------+------------+----------------+--------------+-------------------+-------------+-----------------+--------------+------------------+-----------------------------------------------------------------------------+-----------------------------------------------------------------------------+
| Global Id | Source Id | Driver Type/Pin | Constraint | Site           | Clock Region | Load Clock Region | Clock Loads | Non-Clock Loads | Clock Period | Clock            | Driver Pin                                                                  | Net                                                                         |
+-----------+-----------+-----------------+------------+----------------+--------------+-------------------+-------------+-----------------+--------------+------------------+-----------------------------------------------------------------------------+-----------------------------------------------------------------------------+
| g0        | src0      | BUFG/O          | None       | BUFGCTRL_X0Y19 | n/a          |                 8 |       20089 |               0 |       25.000 | clkm_clockers    | clockers0/clkout4_buf/O                                                     | clockers0/clkm_gen                                                          |
| g1        | src1      | BUFG/O          | None       | BUFGCTRL_X0Y0  | n/a          |                 6 |        5018 |               0 |       12.000 | clk_pll_i        | mig_ahb_gen.ddrc/MCB_inst/u_mig_mig/u_ddr3_infrastructure/u_bufg_clkdiv0/O  | mig_ahb_gen.ddrc/MCB_inst/u_mig_mig/u_ddr3_infrastructure/gen_mmcm.mmcm_i_0 |
| g2        | src2      | BUFG/O          | None       | BUFGCTRL_X0Y20 | n/a          |                 2 |         159 |               0 |       40.000 | eth_rx_clk       | eth0.erxc_pad/xcv2.u0/g2.ttl0.bf/O                                          | eth0.erxc_pad/xcv2.u0/o                                                     |
| g3        | src3      | BUFG/O          | None       | BUFGCTRL_X0Y21 | n/a          |                 4 |         159 |               0 |       40.000 | eth_tx_clk       | eth0.etxc_pad/xcv2.u0/g2.ttl0.bf/O                                          | eth0.etxc_pad/xcv2.u0/o                                                     |
| g4        | src4      | BUFG/O          | None       | BUFGCTRL_X0Y1  | n/a          |                 2 |         117 |               0 |              |                  | core0/ahbjtaggen0.ahbjtag0/gtckbuf.tckbuf/xil.xil0/buf2.buf/O               | core0/ahbjtaggen0.ahbjtag0/gtckbuf.tckbuf/xil.xil0/CLK                      |
| g5        | src0      | BUFG/O          | None       | BUFGCTRL_X0Y16 | n/a          |                 3 |          62 |               0 |        5.000 | I                | clockers0/clkout1_buf/O                                                     | clockers0/clk_ref_i                                                         |
| g6        | src0      | BUFG/O          | None       | BUFGCTRL_X0Y17 | n/a          |                 1 |           1 |               0 |        6.000 | mig_clk_clockers | clockers0/clkout2_buf/O                                                     | clockers0/sys_clk_i                                                         |
| g7        | src5      | BUFH/O          | None       | BUFHCE_X1Y12   | X1Y1         |                 1 |           1 |               0 |       12.000 | pll_clk3_out     | mig_ahb_gen.ddrc/MCB_inst/u_mig_mig/u_ddr3_infrastructure/u_bufh_pll_clk3/O | mig_ahb_gen.ddrc/MCB_inst/u_mig_mig/u_ddr3_infrastructure/pll_clk3          |
| g8        | src0      | BUFG/O          | None       | BUFGCTRL_X0Y18 | n/a          |                 1 |           0 |               1 |       40.000 | eth_ref_clockers | clockers0/clkout3_buf/O                                                     | clockers0/eth_ref_clki                                                      |
+-----------+-----------+-----------------+------------+----------------+--------------+-------------------+-------------+-----------------+--------------+------------------+-----------------------------------------------------------------------------+-----------------------------------------------------------------------------+
* Clock Loads column represents the clock pin loads (pin count)
** Non-Clock Loads column represents the non-clock pin loads (pin count)


3. Global Clock Source Details
------------------------------

+-----------+-----------+---------------------+-----------------+-----------------+--------------+-------------+-----------------+---------------------+------------------+------------------------------------------------------------------------------------+------------------------------------------------------------------------+
| Source Id | Global Id | Driver Type/Pin     | Constraint      | Site            | Clock Region | Clock Loads | Non-Clock Loads | Source Clock Period | Source Clock     | Driver Pin                                                                         | Net                                                                    |
+-----------+-----------+---------------------+-----------------+-----------------+--------------+-------------+-----------------+---------------------+------------------+------------------------------------------------------------------------------------+------------------------------------------------------------------------+
| src0      | g5        | PLLE2_ADV/CLKOUT0   | None            | PLLE2_ADV_X1Y2  | X1Y2         |           1 |               0 |               5.000 | I                | clockers0/plle2_adv_inst/CLKOUT0                                                   | clockers0/I                                                            |
| src0      | g0        | PLLE2_ADV/CLKOUT3   | None            | PLLE2_ADV_X1Y2  | X1Y2         |           1 |               0 |              25.000 | clkm_clockers    | clockers0/plle2_adv_inst/CLKOUT3                                                   | clockers0/clkm_clockers                                                |
| src0      | g8        | PLLE2_ADV/CLKOUT2   | None            | PLLE2_ADV_X1Y2  | X1Y2         |           1 |               0 |              40.000 | eth_ref_clockers | clockers0/plle2_adv_inst/CLKOUT2                                                   | clockers0/eth_ref_clockers                                             |
| src0      | g6        | PLLE2_ADV/CLKOUT1   | None            | PLLE2_ADV_X1Y2  | X1Y2         |           1 |               0 |               6.000 | mig_clk_clockers | clockers0/plle2_adv_inst/CLKOUT1                                                   | clockers0/mig_clk_clockers                                             |
| src1      | g1        | MMCME2_ADV/CLKFBOUT | MMCME2_ADV_X1Y1 | MMCME2_ADV_X1Y1 | X1Y1         |           1 |               0 |              12.000 | clk_pll_i        | mig_ahb_gen.ddrc/MCB_inst/u_mig_mig/u_ddr3_infrastructure/gen_mmcm.mmcm_i/CLKFBOUT | mig_ahb_gen.ddrc/MCB_inst/u_mig_mig/u_ddr3_infrastructure/clk_pll_i    |
| src2      | g2        | IBUF/O              | IOB_X0Y122      | IOB_X0Y122      | X0Y2         |           1 |               0 |              40.000 | eth_rx_clk       | eth0.erxc_pad/xcv2.u0/g2.ttl0.ip/O                                                 | eth0.erxc_pad/xcv2.u0/ol                                               |
| src3      | g3        | IBUF/O              | IOB_X0Y124      | IOB_X0Y124      | X0Y2         |           1 |               0 |              40.000 | eth_tx_clk       | eth0.etxc_pad/xcv2.u0/g2.ttl0.ip/O                                                 | eth0.etxc_pad/xcv2.u0/ol                                               |
| src4      | g4        | BSCANE2/TCK         | None            | BSCAN_X0Y0      | X0Y1         |           1 |               0 |                     |                  | core0/ahbjtaggen0.ahbjtag0/tap0/ac7v.u0/u0/TCK                                     | core0/ahbjtaggen0.ahbjtag0/tap0/ac7v.u0/lltck                          |
| src5      | g7        | PLLE2_ADV/CLKOUT3   | PLLE2_ADV_X1Y1  | PLLE2_ADV_X1Y1  | X1Y1         |           1 |               0 |              12.000 | pll_clk3_out     | mig_ahb_gen.ddrc/MCB_inst/u_mig_mig/u_ddr3_infrastructure/plle2_i/CLKOUT3          | mig_ahb_gen.ddrc/MCB_inst/u_mig_mig/u_ddr3_infrastructure/pll_clk3_out |
+-----------+-----------+---------------------+-----------------+-----------------+--------------+-------------+-----------------+---------------------+------------------+------------------------------------------------------------------------------------+------------------------------------------------------------------------+
* Clock Loads column represents the clock pin loads (pin count)
** Non-Clock Loads column represents the non-clock pin loads (pin count)


4. Local Clock Details
----------------------

+----------+----------------------------+---------------------+------------------------------------+--------------+-------------+-----------------+--------------+---------------+----------------------------------------------------------------------------------------------------------------------------------------------------------------------------------------------------------+-------------------------------------------------------------------------------------------------------------------------------------------------------------------------------------------------------+
| Local Id | Driver Type/Pin            | Constraint          | Site/BEL                           | Clock Region | Clock Loads | Non-Clock Loads | Clock Period | Clock         | Driver Pin                                                                                                                                                                                               | Net                                                                                                                                                                                                   |
+----------+----------------------------+---------------------+------------------------------------+--------------+-------------+-----------------+--------------+---------------+----------------------------------------------------------------------------------------------------------------------------------------------------------------------------------------------------------+-------------------------------------------------------------------------------------------------------------------------------------------------------------------------------------------------------||
| 0        | PLLE2_ADV/CLKOUT0          | PLLE2_ADV_X1Y1      | PLLE2_ADV_X1Y1/PLLE2_ADV           | X1Y1         |           5 |               2 |        1.500 | freq_refclk   | mig_ahb_gen.ddrc/MCB_inst/u_mig_mig/u_ddr3_infrastructure/plle2_i/CLKOUT0                                                                                                                                | mig_ahb_gen.ddrc/MCB_inst/u_mig_mig/u_ddr3_infrastructure/freq_refclk                                                                                                                                 - Static -
| 1        | PHASER_OUT_PHY/OCLKDELAYED | PHASER_OUT_PHY_X1Y6 | PHASER_OUT_PHY_X1Y6/PHASER_OUT_PHY | X1Y1         |           2 |               0 |        3.000 | oserdes_clk_2 | mig_ahb_gen.ddrc/MCB_inst/u_mig_mig/u_memc_ui_top_axi/mem_intfc0/ddr_phy_top0/u_ddr_mc_phy_wrapper/u_ddr_mc_phy/ddr_phy_4lanes_0.u_ddr_phy_4lanes/ddr_byte_lane_C.ddr_byte_lane_C/phaser_out/OCLKDELAYED | mig_ahb_gen.ddrc/MCB_inst/u_mig_mig/u_memc_ui_top_axi/mem_intfc0/ddr_phy_top0/u_ddr_mc_phy_wrapper/u_ddr_mc_phy/ddr_phy_4lanes_0.u_ddr_phy_4lanes/ddr_byte_lane_C.ddr_byte_lane_C/oserdes_clk_delayed - Static -
| 2        | PHASER_OUT_PHY/OCLKDELAYED | PHASER_OUT_PHY_X1Y7 | PHASER_OUT_PHY_X1Y7/PHASER_OUT_PHY | X1Y1         |           2 |               0 |        3.000 | oserdes_clk_3 | mig_ahb_gen.ddrc/MCB_inst/u_mig_mig/u_memc_ui_top_axi/mem_intfc0/ddr_phy_top0/u_ddr_mc_phy_wrapper/u_ddr_mc_phy/ddr_phy_4lanes_0.u_ddr_phy_4lanes/ddr_byte_lane_D.ddr_byte_lane_D/phaser_out/OCLKDELAYED | mig_ahb_gen.ddrc/MCB_inst/u_mig_mig/u_memc_ui_top_axi/mem_intfc0/ddr_phy_top0/u_ddr_mc_phy_wrapper/u_ddr_mc_phy/ddr_phy_4lanes_0.u_ddr_phy_4lanes/ddr_byte_lane_D.ddr_byte_lane_D/oserdes_clk_delayed - Static -
| 3        | PLLE2_ADV/CLKOUT1          | PLLE2_ADV_X1Y1      | PLLE2_ADV_X1Y1/PLLE2_ADV           | X1Y1         |           1 |               6 |        3.000 | mem_refclk    | mig_ahb_gen.ddrc/MCB_inst/u_mig_mig/u_ddr3_infrastructure/plle2_i/CLKOUT1                                                                                                                                | mig_ahb_gen.ddrc/MCB_inst/u_mig_mig/u_ddr3_infrastructure/mem_refclk                                                                                                                                  - Static -
+----------+----------------------------+---------------------+------------------------------------+--------------+-------------+-----------------+--------------+---------------+----------------------------------------------------------------------------------------------------------------------------------------------------------------------------------------------------------+-------------------------------------------------------------------------------------------------------------------------------------------------------------------------------------------------------||
* Local Clocks in this context represents only clocks driven by non-global buffers
** Clock Loads column represents the clock pin loads (pin count)
*** Non-Clock Loads column represents the non-clock pin loads (pin count)


5. Clock Regions: Key Resource Utilization
------------------------------------------

+-------------------+--------------+--------------+--------------+--------------+--------------+--------------+--------------+--------------+--------------+--------------+--------------+--------------+--------------+--------------+--------------+
|                   | Global Clock |     BUFRs    |    BUFMRs    |    BUFIOs    |     MMCM     |      PLL     |      GT      |      PCI     |    ILOGIC    |    OLOGIC    |      FF      |     LUTM     |    RAMB18    |    RAMB36    |    DSP48E2   |
+-------------------+------+-------+------+-------+------+-------+------+-------+------+-------+------+-------+------+-------+------+-------+------+-------+------+-------+------+-------+------+-------+------+-------+------+-------+------+-------+
| Clock Region Name | Used | Avail | Used | Avail | Used | Avail | Used | Avail | Used | Avail | Used | Avail | Used | Avail | Used | Avail | Used | Avail | Used | Avail | Used | Avail | Used | Avail | Used | Avail | Used | Avail | Used | Avail |
+-------------------+------+-------+------+-------+------+-------+------+-------+------+-------+------+-------+------+-------+------+-------+------+-------+------+-------+------+-------+------+-------+------+-------+------+-------+------+-------+
| X0Y0              |    3 |    12 |    0 |     4 |    0 |     2 |    0 |     4 |    0 |     1 |    0 |     1 |    0 |     0 |    0 |     0 |    0 |    50 |    0 |    50 | 2670 |  2600 |  577 |   600 |    0 |    20 |    9 |    10 |    0 |    20 |
| X1Y0              |    3 |    12 |    0 |     0 |    0 |     0 |    0 |     0 |    0 |     0 |    0 |     0 |    0 |     4 |    0 |     0 |    0 |     0 |    0 |     0 | 3951 |  1500 | 1346 |   550 |    0 |    40 |   11 |    20 |    0 |    40 |
| X0Y1              |    4 |    12 |    0 |     4 |    0 |     2 |    0 |     4 |    0 |     1 |    0 |     1 |    0 |     0 |    0 |     0 |    0 |    50 |    0 |    50 | 4527 |  2000 | 1234 |   600 |    0 |    20 |    6 |    10 |    0 |    20 |
| X1Y1              |    8 |    12 |    0 |     4 |    0 |     2 |    0 |     4 |    1 |     1 |    1 |     1 |    0 |     0 |    0 |     0 |    0 |    50 |    4 |    50 | 5094 |  1900 | 1505 |   650 |    0 |    60 |   14 |    30 |    0 |    40 |
| X0Y2              |    4 |    12 |    0 |     4 |    0 |     2 |    0 |     4 |    0 |     1 |    0 |     1 |    0 |     0 |    0 |     0 |    0 |    50 |    0 |    50 | 3960 |  2000 | 1162 |   600 |    0 |    20 |    4 |    10 |    3 |    20 |
| X1Y2              |    4 |    12 |    0 |     4 |    0 |     2 |    0 |     4 |    0 |     1 |    0 |     1 |    0 |     0 |    0 |     0 |    0 |    50 |    0 |    50 | 3403 |  1900 | 1106 |   650 |    0 |    60 |   11 |    30 |    0 |    40 |
| X0Y3              |    1 |    12 |    0 |     4 |    0 |     2 |    0 |     4 |    0 |     1 |    0 |     1 |    0 |     0 |    0 |     0 |    0 |    50 |    0 |    50 | 1236 |  2600 |  280 |   600 |    0 |    20 |    1 |    10 |    2 |    20 |
| X1Y3              |    1 |    12 |    0 |     0 |    0 |     0 |    0 |     0 |    0 |     0 |    0 |     0 |    0 |     4 |    0 |     1 |    0 |     0 |    0 |     0 |  278 |  1350 |   78 |   500 |    0 |    30 |    0 |    15 |    1 |    40 |
+-------------------+------+-------+------+-------+------+-------+------+-------+------+-------+------+-------+------+-------+------+-------+------+-------+------+-------+------+-------+------+-------+------+-------+------+-------+------+-------+
* Global Clock column represents track count; while other columns represents cell counts


6. Clock Regions : Global Clock Summary
---------------------------------------

All Modules
+----+----+----+
|    | X0 | X1 |
+----+----+----+
| Y3 |  1 |  1 |
| Y2 |  4 |  4 |
| Y1 |  4 |  8 |
| Y0 |  3 |  3 |
+----+----+----+


7. Device Cell Placement Summary for Global Clock g0
----------------------------------------------------

+-----------+-----------------+-------------------+---------------+-------------+----------------+-------------+----------+----------------+----------+--------------------+
| Global Id | Driver Type/Pin | Driver Region (D) | Clock         | Period (ns) | Waveform (ns)  | Slice Loads | IO Loads | Clocking Loads | GT Loads | Net                |
+-----------+-----------------+-------------------+---------------+-------------+----------------+-------------+----------+----------------+----------+--------------------+
| g0        | BUFG/O          | n/a               | clkm_clockers |      25.000 | {0.000 12.500} |       19997 |        0 |              0 |        0 | clockers0/clkm_gen |
+-----------+-----------------+-------------------+---------------+-------------+----------------+-------------+----------+----------------+----------+--------------------+
* Slice Loads column represents load cell count of all cell types other than IO, GT and clock resources
** IO Loads column represents load cell count of IO types
*** Clocking Loads column represents load cell count that are clock resources (global clock buffer, MMCM, PLL, etc)
**** GT Loads column represents load cell count of GT types


+----+-------+-------+
|    | X0    | X1    |
+----+-------+-------+
| Y3 |  1239 |   279 |
| Y2 |  3617 |  3372 |
| Y1 |  4378 |  3280 |
| Y0 |  2543 |  1289 |
+----+-------+-------+


8. Device Cell Placement Summary for Global Clock g1
----------------------------------------------------

+-----------+-----------------+-------------------+-----------+-------------+---------------+-------------+----------+----------------+----------+-----------------------------------------------------------------------------+
| Global Id | Driver Type/Pin | Driver Region (D) | Clock     | Period (ns) | Waveform (ns) | Slice Loads | IO Loads | Clocking Loads | GT Loads | Net                                                                         |
+-----------+-----------------+-------------------+-----------+-------------+---------------+-------------+----------+----------------+----------+-----------------------------------------------------------------------------+
| g1        | BUFG/O          | n/a               | clk_pll_i |      12.000 | {0.000 6.000} |        4865 |        0 |              1 |        0 | mig_ahb_gen.ddrc/MCB_inst/u_mig_mig/u_ddr3_infrastructure/gen_mmcm.mmcm_i_0 |
+-----------+-----------------+-------------------+-----------+-------------+---------------+-------------+----------+----------------+----------+-----------------------------------------------------------------------------+
* Slice Loads column represents load cell count of all cell types other than IO, GT and clock resources
** IO Loads column represents load cell count of IO types
*** Clocking Loads column represents load cell count that are clock resources (global clock buffer, MMCM, PLL, etc)
**** GT Loads column represents load cell count of GT types


+----+------+-------+
|    | X0   | X1    |
+----+------+-------+
| Y3 |    0 |     0 |
| Y2 |  305 |    35 |
| Y1 |    1 |  1809 |
| Y0 |  106 |  2610 |
+----+------+-------+


9. Device Cell Placement Summary for Global Clock g2
----------------------------------------------------

+-----------+-----------------+-------------------+------------+-------------+----------------+-------------+----------+----------------+----------+-------------------------+
| Global Id | Driver Type/Pin | Driver Region (D) | Clock      | Period (ns) | Waveform (ns)  | Slice Loads | IO Loads | Clocking Loads | GT Loads | Net                     |
+-----------+-----------------+-------------------+------------+-------------+----------------+-------------+----------+----------------+----------+-------------------------+
| g2        | BUFG/O          | n/a               | eth_rx_clk |      40.000 | {0.000 20.000} |         159 |        0 |              0 |        0 | eth0.erxc_pad/xcv2.u0/o |
+-----------+-----------------+-------------------+------------+-------------+----------------+-------------+----------+----------------+----------+-------------------------+
* Slice Loads column represents load cell count of all cell types other than IO, GT and clock resources
** IO Loads column represents load cell count of IO types
*** Clocking Loads column represents load cell count that are clock resources (global clock buffer, MMCM, PLL, etc)
**** GT Loads column represents load cell count of GT types


+----+----+------+
|    | X0 | X1   |
+----+----+------+
| Y3 |  0 |    0 |
| Y2 |  0 |    1 |
| Y1 |  0 |  158 |
| Y0 |  0 |    0 |
+----+----+------+


10. Device Cell Placement Summary for Global Clock g3
-----------------------------------------------------

+-----------+-----------------+-------------------+------------+-------------+----------------+-------------+----------+----------------+----------+-------------------------+
| Global Id | Driver Type/Pin | Driver Region (D) | Clock      | Period (ns) | Waveform (ns)  | Slice Loads | IO Loads | Clocking Loads | GT Loads | Net                     |
+-----------+-----------------+-------------------+------------+-------------+----------------+-------------+----------+----------------+----------+-------------------------+
| g3        | BUFG/O          | n/a               | eth_tx_clk |      40.000 | {0.000 20.000} |         159 |        0 |              0 |        0 | eth0.etxc_pad/xcv2.u0/o |
+-----------+-----------------+-------------------+------------+-------------+----------------+-------------+----------+----------------+----------+-------------------------+
* Slice Loads column represents load cell count of all cell types other than IO, GT and clock resources
** IO Loads column represents load cell count of IO types
*** Clocking Loads column represents load cell count that are clock resources (global clock buffer, MMCM, PLL, etc)
**** GT Loads column represents load cell count of GT types


+----+-----+-----+
|    | X0  | X1  |
+----+-----+-----+
| Y3 |   0 |   0 |
| Y2 |   0 |   0 |
| Y1 |  42 |  12 |
| Y0 |  30 |  75 |
+----+-----+-----+


11. Device Cell Placement Summary for Global Clock g4
-----------------------------------------------------

+-----------+-----------------+-------------------+-------+-------------+---------------+-------------+----------+----------------+----------+--------------------------------------------------------+
| Global Id | Driver Type/Pin | Driver Region (D) | Clock | Period (ns) | Waveform (ns) | Slice Loads | IO Loads | Clocking Loads | GT Loads | Net                                                    |
+-----------+-----------------+-------------------+-------+-------------+---------------+-------------+----------+----------------+----------+--------------------------------------------------------+
| g4        | BUFG/O          | n/a               |       |             |               |         117 |        0 |              0 |        0 | core0/ahbjtaggen0.ahbjtag0/gtckbuf.tckbuf/xil.xil0/CLK |
+-----------+-----------------+-------------------+-------+-------------+---------------+-------------+----------+----------------+----------+--------------------------------------------------------+
* Slice Loads column represents load cell count of all cell types other than IO, GT and clock resources
** IO Loads column represents load cell count of IO types
*** Clocking Loads column represents load cell count that are clock resources (global clock buffer, MMCM, PLL, etc)
**** GT Loads column represents load cell count of GT types


+----+------+----+
|    | X0   | X1 |
+----+------+----+
| Y3 |    0 |  0 |
| Y2 |    0 |  0 |
| Y1 |  112 |  5 |
| Y0 |    0 |  0 |
+----+------+----+


12. Device Cell Placement Summary for Global Clock g5
-----------------------------------------------------

+-----------+-----------------+-------------------+-------+-------------+---------------+-------------+----------+----------------+----------+---------------------+
| Global Id | Driver Type/Pin | Driver Region (D) | Clock | Period (ns) | Waveform (ns) | Slice Loads | IO Loads | Clocking Loads | GT Loads | Net                 |
+-----------+-----------------+-------------------+-------+-------------+---------------+-------------+----------+----------------+----------+---------------------+
| g5        | BUFG/O          | n/a               | I     |       5.000 | {0.000 2.500} |          62 |        0 |              0 |        0 | clockers0/clk_ref_i |
+-----------+-----------------+-------------------+-------+-------------+---------------+-------------+----------+----------------+----------+---------------------+
* Slice Loads column represents load cell count of all cell types other than IO, GT and clock resources
** IO Loads column represents load cell count of IO types
*** Clocking Loads column represents load cell count that are clock resources (global clock buffer, MMCM, PLL, etc)
**** GT Loads column represents load cell count of GT types


+----+-----+-----+
|    | X0  | X1  |
+----+-----+-----+
| Y3 |   0 |   0 |
| Y2 |  46 |   6 |
| Y1 |   0 |  10 |
| Y0 |   0 |   0 |
+----+-----+-----+


13. Device Cell Placement Summary for Global Clock g6
-----------------------------------------------------

+-----------+-----------------+-------------------+------------------+-------------+---------------+-------------+----------+----------------+----------+---------------------+
| Global Id | Driver Type/Pin | Driver Region (D) | Clock            | Period (ns) | Waveform (ns) | Slice Loads | IO Loads | Clocking Loads | GT Loads | Net                 |
+-----------+-----------------+-------------------+------------------+-------------+---------------+-------------+----------+----------------+----------+---------------------+
| g6        | BUFG/O          | n/a               | mig_clk_clockers |       6.000 | {0.000 3.000} |           0 |        0 |              1 |        0 | clockers0/sys_clk_i |
+-----------+-----------------+-------------------+------------------+-------------+---------------+-------------+----------+----------------+----------+---------------------+
* Slice Loads column represents load cell count of all cell types other than IO, GT and clock resources
** IO Loads column represents load cell count of IO types
*** Clocking Loads column represents load cell count that are clock resources (global clock buffer, MMCM, PLL, etc)
**** GT Loads column represents load cell count of GT types


+----+----+----+
|    | X0 | X1 |
+----+----+----+
| Y3 |  0 |  0 |
| Y2 |  0 |  0 |
| Y1 |  0 |  1 |
| Y0 |  0 |  0 |
+----+----+----+


14. Device Cell Placement Summary for Global Clock g7
-----------------------------------------------------

+-----------+-----------------+-------------------+--------------+-------------+---------------+-------------+----------+----------------+----------+--------------------------------------------------------------------+
| Global Id | Driver Type/Pin | Driver Region (D) | Clock        | Period (ns) | Waveform (ns) | Slice Loads | IO Loads | Clocking Loads | GT Loads | Net                                                                |
+-----------+-----------------+-------------------+--------------+-------------+---------------+-------------+----------+----------------+----------+--------------------------------------------------------------------+
| g7        | BUFH/O          | X1Y1              | pll_clk3_out |      12.000 | {0.000 6.000} |           0 |        0 |              1 |        0 | mig_ahb_gen.ddrc/MCB_inst/u_mig_mig/u_ddr3_infrastructure/pll_clk3 |
+-----------+-----------------+-------------------+--------------+-------------+---------------+-------------+----------+----------------+----------+--------------------------------------------------------------------+
* Slice Loads column represents load cell count of all cell types other than IO, GT and clock resources
** IO Loads column represents load cell count of IO types
*** Clocking Loads column represents load cell count that are clock resources (global clock buffer, MMCM, PLL, etc)
**** GT Loads column represents load cell count of GT types


+----+----+--------+
|    | X0 | X1     |
+----+----+--------+
| Y3 |  0 |      0 |
| Y2 |  0 |      0 |
| Y1 |  0 |  (D) 1 |
| Y0 |  0 |      0 |
+----+----+--------+


15. Device Cell Placement Summary for Global Clock g8
-----------------------------------------------------

+-----------+-----------------+-------------------+------------------+-------------+----------------+-------------+----------+----------------+----------+------------------------+
| Global Id | Driver Type/Pin | Driver Region (D) | Clock            | Period (ns) | Waveform (ns)  | Slice Loads | IO Loads | Clocking Loads | GT Loads | Net                    |
+-----------+-----------------+-------------------+------------------+-------------+----------------+-------------+----------+----------------+----------+------------------------+
| g8        | BUFG/O          | n/a               | eth_ref_clockers |      40.000 | {0.000 20.000} |           0 |        1 |              0 |        0 | clockers0/eth_ref_clki |
+-----------+-----------------+-------------------+------------------+-------------+----------------+-------------+----------+----------------+----------+------------------------+
* Slice Loads column represents load cell count of all cell types other than IO, GT and clock resources
** IO Loads column represents load cell count of IO types
*** Clocking Loads column represents load cell count that are clock resources (global clock buffer, MMCM, PLL, etc)
**** GT Loads column represents load cell count of GT types


+----+----+----+
|    | X0 | X1 |
+----+----+----+
| Y3 |  0 |  0 |
| Y2 |  1 |  0 |
| Y1 |  0 |  0 |
| Y0 |  0 |  0 |
+----+----+----+


16. Clock Region Cell Placement per Global Clock: Region X0Y0
-------------------------------------------------------------

+-----------+-------+-----------------+------------+-------------+-----------------+------+--------+------+-----+----+------+-----+---------+-----------------------------------------------------------------------------+
| Global Id | Track | Driver Type/Pin | Constraint | Clock Loads | Non-Clock Loads | FF   | LUTRAM | RAMB | DSP | GT | MMCM | PLL | Hard IP | Net                                                                         |
+-----------+-------+-----------------+------------+-------------+-----------------+------+--------+------+-----+----+------+-----+---------+-----------------------------------------------------------------------------+
| g0        | n/a   | BUFG/O          | None       |        2543 |               0 | 2534 |      0 |    9 |   0 |  0 |    0 |   0 |       0 | clockers0/clkm_gen                                                          |
| g1        | n/a   | BUFG/O          | None       |         106 |               0 |  106 |      0 |    0 |   0 |  0 |    0 |   0 |       0 | mig_ahb_gen.ddrc/MCB_inst/u_mig_mig/u_ddr3_infrastructure/gen_mmcm.mmcm_i_0 |
| g3        | n/a   | BUFG/O          | None       |          30 |               0 |   30 |      0 |    0 |   0 |  0 |    0 |   0 |       0 | eth0.etxc_pad/xcv2.u0/o                                                     |
+-----------+-------+-----------------+------------+-------------+-----------------+------+--------+------+-----+----+------+-----+---------+-----------------------------------------------------------------------------+
* Clock Loads column represents the clock pin loads (pin count)
** Non-Clock Loads column represents the non-clock pin loads (pin count)
*** Columns FF, LUTRAM, RAMB through 'Hard IP' represents load cell counts


17. Clock Region Cell Placement per Global Clock: Region X1Y0
-------------------------------------------------------------

+-----------+-------+-----------------+------------+-------------+-----------------+------+--------+------+-----+----+------+-----+---------+-----------------------------------------------------------------------------+
| Global Id | Track | Driver Type/Pin | Constraint | Clock Loads | Non-Clock Loads | FF   | LUTRAM | RAMB | DSP | GT | MMCM | PLL | Hard IP | Net                                                                         |
+-----------+-------+-----------------+------------+-------------+-----------------+------+--------+------+-----+----+------+-----+---------+-----------------------------------------------------------------------------+
| g0        | n/a   | BUFG/O          | None       |        1289 |               0 | 1278 |      0 |   11 |   0 |  0 |    0 |   0 |       0 | clockers0/clkm_gen                                                          |
| g1        | n/a   | BUFG/O          | None       |        2610 |               0 | 2598 |     12 |    0 |   0 |  0 |    0 |   0 |       0 | mig_ahb_gen.ddrc/MCB_inst/u_mig_mig/u_ddr3_infrastructure/gen_mmcm.mmcm_i_0 |
| g3        | n/a   | BUFG/O          | None       |          75 |               0 |   75 |      0 |    0 |   0 |  0 |    0 |   0 |       0 | eth0.etxc_pad/xcv2.u0/o                                                     |
+-----------+-------+-----------------+------------+-------------+-----------------+------+--------+------+-----+----+------+-----+---------+-----------------------------------------------------------------------------+
* Clock Loads column represents the clock pin loads (pin count)
** Non-Clock Loads column represents the non-clock pin loads (pin count)
*** Columns FF, LUTRAM, RAMB through 'Hard IP' represents load cell counts


18. Clock Region Cell Placement per Global Clock: Region X0Y1
-------------------------------------------------------------

+-----------+-------+-----------------+------------+-------------+-----------------+------+--------+------+-----+----+------+-----+---------+-----------------------------------------------------------------------------+
| Global Id | Track | Driver Type/Pin | Constraint | Clock Loads | Non-Clock Loads | FF   | LUTRAM | RAMB | DSP | GT | MMCM | PLL | Hard IP | Net                                                                         |
+-----------+-------+-----------------+------------+-------------+-----------------+------+--------+------+-----+----+------+-----+---------+-----------------------------------------------------------------------------+
| g0        | n/a   | BUFG/O          | None       |        4378 |               0 | 4372 |      0 |    6 |   0 |  0 |    0 |   0 |       0 | clockers0/clkm_gen                                                          |
| g1        | n/a   | BUFG/O          | None       |           1 |               0 |    1 |      0 |    0 |   0 |  0 |    0 |   0 |       0 | mig_ahb_gen.ddrc/MCB_inst/u_mig_mig/u_ddr3_infrastructure/gen_mmcm.mmcm_i_0 |
| g3        | n/a   | BUFG/O          | None       |          42 |               0 |   42 |      0 |    0 |   0 |  0 |    0 |   0 |       0 | eth0.etxc_pad/xcv2.u0/o                                                     |
| g4        | n/a   | BUFG/O          | None       |         112 |               0 |  112 |      0 |    0 |   0 |  0 |    0 |   0 |       0 | core0/ahbjtaggen0.ahbjtag0/gtckbuf.tckbuf/xil.xil0/CLK                      |
+-----------+-------+-----------------+------------+-------------+-----------------+------+--------+------+-----+----+------+-----+---------+-----------------------------------------------------------------------------+
* Clock Loads column represents the clock pin loads (pin count)
** Non-Clock Loads column represents the non-clock pin loads (pin count)
*** Columns FF, LUTRAM, RAMB through 'Hard IP' represents load cell counts


19. Clock Region Cell Placement per Global Clock: Region X1Y1
-------------------------------------------------------------

+-----------+-------+-----------------+------------+-------------+-----------------+------+--------+------+-----+----+------+-----+---------+-----------------------------------------------------------------------------+
| Global Id | Track | Driver Type/Pin | Constraint | Clock Loads | Non-Clock Loads | FF   | LUTRAM | RAMB | DSP | GT | MMCM | PLL | Hard IP | Net                                                                         |
+-----------+-------+-----------------+------------+-------------+-----------------+------+--------+------+-----+----+------+-----+---------+-----------------------------------------------------------------------------+
| g0        | n/a   | BUFG/O          | None       |        3280 |               0 | 3266 |      0 |   14 |   0 |  0 |    0 |   0 |       0 | clockers0/clkm_gen                                                          |
| g1        | n/a   | BUFG/O          | None       |        1809 |               0 | 1644 |    135 |    0 |   0 |  0 |    1 |   0 |       0 | mig_ahb_gen.ddrc/MCB_inst/u_mig_mig/u_ddr3_infrastructure/gen_mmcm.mmcm_i_0 |
| g2        | n/a   | BUFG/O          | None       |         158 |               0 |  158 |      0 |    0 |   0 |  0 |    0 |   0 |       0 | eth0.erxc_pad/xcv2.u0/o                                                     |
| g3        | n/a   | BUFG/O          | None       |          12 |               0 |   12 |      0 |    0 |   0 |  0 |    0 |   0 |       0 | eth0.etxc_pad/xcv2.u0/o                                                     |
| g4        | n/a   | BUFG/O          | None       |           5 |               0 |    5 |      0 |    0 |   0 |  0 |    0 |   0 |       0 | core0/ahbjtaggen0.ahbjtag0/gtckbuf.tckbuf/xil.xil0/CLK                      |
| g5        | n/a   | BUFG/O          | None       |          10 |               0 |    9 |      0 |    0 |   0 |  0 |    0 |   0 |       0 | clockers0/clk_ref_i                                                         |
| g6        | n/a   | BUFG/O          | None       |           1 |               0 |    0 |      0 |    0 |   0 |  0 |    0 |   1 |       0 | clockers0/sys_clk_i                                                         |
| g7        | n/a   | BUFH/O          | None       |           1 |               0 |    0 |      0 |    0 |   0 |  0 |    1 |   0 |       0 | mig_ahb_gen.ddrc/MCB_inst/u_mig_mig/u_ddr3_infrastructure/pll_clk3          |
+-----------+-------+-----------------+------------+-------------+-----------------+------+--------+------+-----+----+------+-----+---------+-----------------------------------------------------------------------------+
* Clock Loads column represents the clock pin loads (pin count)
** Non-Clock Loads column represents the non-clock pin loads (pin count)
*** Columns FF, LUTRAM, RAMB through 'Hard IP' represents load cell counts


20. Clock Region Cell Placement per Global Clock: Region X0Y2
-------------------------------------------------------------

+-----------+-------+-----------------+------------+-------------+-----------------+------+--------+------+-----+----+------+-----+---------+-----------------------------------------------------------------------------+
| Global Id | Track | Driver Type/Pin | Constraint | Clock Loads | Non-Clock Loads | FF   | LUTRAM | RAMB | DSP | GT | MMCM | PLL | Hard IP | Net                                                                         |
+-----------+-------+-----------------+------------+-------------+-----------------+------+--------+------+-----+----+------+-----+---------+-----------------------------------------------------------------------------+
| g0        | n/a   | BUFG/O          | None       |        3617 |               0 | 3610 |      0 |    4 |   3 |  0 |    0 |   0 |       0 | clockers0/clkm_gen                                                          |
| g1        | n/a   | BUFG/O          | None       |         305 |               0 |  305 |      0 |    0 |   0 |  0 |    0 |   0 |       0 | mig_ahb_gen.ddrc/MCB_inst/u_mig_mig/u_ddr3_infrastructure/gen_mmcm.mmcm_i_0 |
| g5        | n/a   | BUFG/O          | None       |          46 |               0 |   45 |      0 |    0 |   0 |  0 |    0 |   0 |       0 | clockers0/clk_ref_i                                                         |
| g8        | n/a   | BUFG/O          | None       |           0 |               1 |    0 |      0 |    0 |   0 |  0 |    0 |   0 |       0 | clockers0/eth_ref_clki                                                      |
+-----------+-------+-----------------+------------+-------------+-----------------+------+--------+------+-----+----+------+-----+---------+-----------------------------------------------------------------------------+
* Clock Loads column represents the clock pin loads (pin count)
** Non-Clock Loads column represents the non-clock pin loads (pin count)
*** Columns FF, LUTRAM, RAMB through 'Hard IP' represents load cell counts


21. Clock Region Cell Placement per Global Clock: Region X1Y2
-------------------------------------------------------------

+-----------+-------+-----------------+------------+-------------+-----------------+------+--------+------+-----+----+------+-----+---------+-----------------------------------------------------------------------------+
| Global Id | Track | Driver Type/Pin | Constraint | Clock Loads | Non-Clock Loads | FF   | LUTRAM | RAMB | DSP | GT | MMCM | PLL | Hard IP | Net                                                                         |
+-----------+-------+-----------------+------------+-------------+-----------------+------+--------+------+-----+----+------+-----+---------+-----------------------------------------------------------------------------+
| g0        | n/a   | BUFG/O          | None       |        3372 |               0 | 3361 |      0 |   11 |   0 |  0 |    0 |   0 |       0 | clockers0/clkm_gen                                                          |
| g1        | n/a   | BUFG/O          | None       |          35 |               0 |   35 |      0 |    0 |   0 |  0 |    0 |   0 |       0 | mig_ahb_gen.ddrc/MCB_inst/u_mig_mig/u_ddr3_infrastructure/gen_mmcm.mmcm_i_0 |
| g2        | n/a   | BUFG/O          | None       |           1 |               0 |    1 |      0 |    0 |   0 |  0 |    0 |   0 |       0 | eth0.erxc_pad/xcv2.u0/o                                                     |
| g5        | n/a   | BUFG/O          | None       |           6 |               0 |    6 |      0 |    0 |   0 |  0 |    0 |   0 |       0 | clockers0/clk_ref_i                                                         |
+-----------+-------+-----------------+------------+-------------+-----------------+------+--------+------+-----+----+------+-----+---------+-----------------------------------------------------------------------------+
* Clock Loads column represents the clock pin loads (pin count)
** Non-Clock Loads column represents the non-clock pin loads (pin count)
*** Columns FF, LUTRAM, RAMB through 'Hard IP' represents load cell counts


22. Clock Region Cell Placement per Global Clock: Region X0Y3
-------------------------------------------------------------

+-----------+-------+-----------------+------------+-------------+-----------------+------+--------+------+-----+----+------+-----+---------+--------------------+
| Global Id | Track | Driver Type/Pin | Constraint | Clock Loads | Non-Clock Loads | FF   | LUTRAM | RAMB | DSP | GT | MMCM | PLL | Hard IP | Net                |
+-----------+-------+-----------------+------------+-------------+-----------------+------+--------+------+-----+----+------+-----+---------+--------------------+
| g0        | n/a   | BUFG/O          | None       |        1239 |               0 | 1236 |      0 |    1 |   2 |  0 |    0 |   0 |       0 | clockers0/clkm_gen |
+-----------+-------+-----------------+------------+-------------+-----------------+------+--------+------+-----+----+------+-----+---------+--------------------+
* Clock Loads column represents the clock pin loads (pin count)
** Non-Clock Loads column represents the non-clock pin loads (pin count)
*** Columns FF, LUTRAM, RAMB through 'Hard IP' represents load cell counts


23. Clock Region Cell Placement per Global Clock: Region X1Y3
-------------------------------------------------------------

+-----------+-------+-----------------+------------+-------------+-----------------+-----+--------+------+-----+----+------+-----+---------+--------------------+
| Global Id | Track | Driver Type/Pin | Constraint | Clock Loads | Non-Clock Loads | FF  | LUTRAM | RAMB | DSP | GT | MMCM | PLL | Hard IP | Net                |
+-----------+-------+-----------------+------------+-------------+-----------------+-----+--------+------+-----+----+------+-----+---------+--------------------+
| g0        | n/a   | BUFG/O          | None       |         279 |               0 | 278 |      0 |    0 |   1 |  0 |    0 |   0 |       0 | clockers0/clkm_gen |
+-----------+-------+-----------------+------------+-------------+-----------------+-----+--------+------+-----+----+------+-----+---------+--------------------+
* Clock Loads column represents the clock pin loads (pin count)
** Non-Clock Loads column represents the non-clock pin loads (pin count)
*** Columns FF, LUTRAM, RAMB through 'Hard IP' represents load cell counts



# Location of BUFG Primitives 
set_property LOC BUFGCTRL_X0Y0 [get_cells mig_ahb_gen.ddrc/MCB_inst/u_mig_mig/u_ddr3_infrastructure/u_bufg_clkdiv0]
set_property LOC BUFGCTRL_X0Y21 [get_cells eth0.etxc_pad/xcv2.u0/g2.ttl0.bf]
set_property LOC BUFGCTRL_X0Y20 [get_cells eth0.erxc_pad/xcv2.u0/g2.ttl0.bf]
set_property LOC BUFGCTRL_X0Y1 [get_cells core0/ahbjtaggen0.ahbjtag0/gtckbuf.tckbuf/xil.xil0/buf2.buf]
set_property LOC BUFGCTRL_X0Y17 [get_cells clockers0/clkout2_buf]
set_property LOC BUFGCTRL_X0Y18 [get_cells clockers0/clkout3_buf]
set_property LOC BUFGCTRL_X0Y19 [get_cells clockers0/clkout4_buf]
set_property LOC BUFGCTRL_X0Y16 [get_cells clockers0/clkout1_buf]

# Location of BUFH Primitives 
set_property LOC BUFHCE_X1Y12 [get_cells mig_ahb_gen.ddrc/MCB_inst/u_mig_mig/u_ddr3_infrastructure/u_bufh_pll_clk3]

# Location of IO Primitives which is load of clock spine
set_property LOC IOB_X0Y106 [get_cells eth0.pci_p_clk5_r_pad/xcv.x0/ttl0.slow0.op]

# Location of clock ports
set_property LOC IOB_X1Y126 [get_ports CLK100MHZ]
set_property LOC IOB_X0Y122 [get_ports eth_rx_clk]
set_property LOC IOB_X0Y124 [get_ports eth_tx_clk]

# Clock net "mig_ahb_gen.ddrc/MCB_inst/u_mig_mig/u_ddr3_infrastructure/gen_mmcm.mmcm_i_0" driven by instance "mig_ahb_gen.ddrc/MCB_inst/u_mig_mig/u_ddr3_infrastructure/u_bufg_clkdiv0" located at site "BUFGCTRL_X0Y0"
#startgroup
create_pblock {CLKAG_mig_ahb_gen.ddrc/MCB_inst/u_mig_mig/u_ddr3_infrastructure/gen_mmcm.mmcm_i_0}
add_cells_to_pblock [get_pblocks  {CLKAG_mig_ahb_gen.ddrc/MCB_inst/u_mig_mig/u_ddr3_infrastructure/gen_mmcm.mmcm_i_0}] [get_cells -filter { PRIMITIVE_GROUP != I/O && IS_PRIMITIVE==1 && PRIMITIVE_LEVEL !=INTERNAL && NAME!=mig_ahb_gen.ddrc/MCB_inst/u_mig_mig/u_ddr3_infrastructure/gen_mmcm.mmcm_i} -of_object [get_pins -filter {DIRECTION==IN} -of_objects [get_nets -hierarchical -filter {PARENT=="mig_ahb_gen.ddrc/MCB_inst/u_mig_mig/u_ddr3_infrastructure/gen_mmcm.mmcm_i_0"}]]]
resize_pblock [get_pblocks {CLKAG_mig_ahb_gen.ddrc/MCB_inst/u_mig_mig/u_ddr3_infrastructure/gen_mmcm.mmcm_i_0}] -add {CLOCKREGION_X0Y0:CLOCKREGION_X0Y0 CLOCKREGION_X0Y1:CLOCKREGION_X0Y1 CLOCKREGION_X0Y2:CLOCKREGION_X0Y2 CLOCKREGION_X1Y0:CLOCKREGION_X1Y0 CLOCKREGION_X1Y1:CLOCKREGION_X1Y1 CLOCKREGION_X1Y2:CLOCKREGION_X1Y2}
#endgroup

# Clock net "eth0.etxc_pad/xcv2.u0/o" driven by instance "eth0.etxc_pad/xcv2.u0/g2.ttl0.bf" located at site "BUFGCTRL_X0Y21"
#startgroup
create_pblock {CLKAG_eth0.etxc_pad/xcv2.u0/o}
add_cells_to_pblock [get_pblocks  {CLKAG_eth0.etxc_pad/xcv2.u0/o}] [get_cells -filter { PRIMITIVE_GROUP != I/O && IS_PRIMITIVE==1 && PRIMITIVE_LEVEL !=INTERNAL } -of_object [get_pins -filter {DIRECTION==IN} -of_objects [get_nets -hierarchical -filter {PARENT=="eth0.etxc_pad/xcv2.u0/o"}]]]
resize_pblock [get_pblocks {CLKAG_eth0.etxc_pad/xcv2.u0/o}] -add {CLOCKREGION_X0Y0:CLOCKREGION_X0Y0 CLOCKREGION_X0Y1:CLOCKREGION_X0Y1 CLOCKREGION_X1Y0:CLOCKREGION_X1Y0 CLOCKREGION_X1Y1:CLOCKREGION_X1Y1}
#endgroup

# Clock net "eth0.erxc_pad/xcv2.u0/o" driven by instance "eth0.erxc_pad/xcv2.u0/g2.ttl0.bf" located at site "BUFGCTRL_X0Y20"
#startgroup
create_pblock {CLKAG_eth0.erxc_pad/xcv2.u0/o}
add_cells_to_pblock [get_pblocks  {CLKAG_eth0.erxc_pad/xcv2.u0/o}] [get_cells -filter { PRIMITIVE_GROUP != I/O && IS_PRIMITIVE==1 && PRIMITIVE_LEVEL !=INTERNAL } -of_object [get_pins -filter {DIRECTION==IN} -of_objects [get_nets -hierarchical -filter {PARENT=="eth0.erxc_pad/xcv2.u0/o"}]]]
resize_pblock [get_pblocks {CLKAG_eth0.erxc_pad/xcv2.u0/o}] -add {CLOCKREGION_X1Y1:CLOCKREGION_X1Y1 CLOCKREGION_X1Y2:CLOCKREGION_X1Y2}
#endgroup

# Clock net "core0/ahbjtaggen0.ahbjtag0/gtckbuf.tckbuf/xil.xil0/CLK" driven by instance "core0/ahbjtaggen0.ahbjtag0/gtckbuf.tckbuf/xil.xil0/buf2.buf" located at site "BUFGCTRL_X0Y1"
#startgroup
create_pblock {CLKAG_core0/ahbjtaggen0.ahbjtag0/gtckbuf.tckbuf/xil.xil0/CLK}
add_cells_to_pblock [get_pblocks  {CLKAG_core0/ahbjtaggen0.ahbjtag0/gtckbuf.tckbuf/xil.xil0/CLK}] [get_cells -filter { PRIMITIVE_GROUP != I/O && IS_PRIMITIVE==1 && PRIMITIVE_LEVEL !=INTERNAL } -of_object [get_pins -filter {DIRECTION==IN} -of_objects [get_nets -hierarchical -filter {PARENT=="core0/ahbjtaggen0.ahbjtag0/gtckbuf.tckbuf/xil.xil0/CLK"}]]]
resize_pblock [get_pblocks {CLKAG_core0/ahbjtaggen0.ahbjtag0/gtckbuf.tckbuf/xil.xil0/CLK}] -add {CLOCKREGION_X0Y1:CLOCKREGION_X0Y1 CLOCKREGION_X1Y1:CLOCKREGION_X1Y1}
#endgroup

# Clock net "clockers0/clkm_gen" driven by instance "clockers0/clkout4_buf" located at site "BUFGCTRL_X0Y19"
#startgroup
create_pblock {CLKAG_clockers0/clkm_gen}
add_cells_to_pblock [get_pblocks  {CLKAG_clockers0/clkm_gen}] [get_cells -filter { PRIMITIVE_GROUP != I/O && IS_PRIMITIVE==1 && PRIMITIVE_LEVEL !=INTERNAL } -of_object [get_pins -filter {DIRECTION==IN} -of_objects [get_nets -hierarchical -filter {PARENT=="clockers0/clkm_gen"}]]]
resize_pblock [get_pblocks {CLKAG_clockers0/clkm_gen}] -add {CLOCKREGION_X0Y0:CLOCKREGION_X0Y0 CLOCKREGION_X0Y1:CLOCKREGION_X0Y1 CLOCKREGION_X0Y2:CLOCKREGION_X0Y2 CLOCKREGION_X0Y3:CLOCKREGION_X0Y3 CLOCKREGION_X1Y0:CLOCKREGION_X1Y0 CLOCKREGION_X1Y1:CLOCKREGION_X1Y1 CLOCKREGION_X1Y2:CLOCKREGION_X1Y2 CLOCKREGION_X1Y3:CLOCKREGION_X1Y3}
#endgroup

# Clock net "clockers0/clk_ref_i" driven by instance "clockers0/clkout1_buf" located at site "BUFGCTRL_X0Y16"
#startgroup
create_pblock {CLKAG_clockers0/clk_ref_i}
add_cells_to_pblock [get_pblocks  {CLKAG_clockers0/clk_ref_i}] [get_cells -filter { PRIMITIVE_GROUP != I/O && IS_PRIMITIVE==1 && PRIMITIVE_LEVEL !=INTERNAL } -of_object [get_pins -filter {DIRECTION==IN} -of_objects [get_nets -hierarchical -filter {PARENT=="clockers0/clk_ref_i"}]]]
resize_pblock [get_pblocks {CLKAG_clockers0/clk_ref_i}] -add {CLOCKREGION_X0Y2:CLOCKREGION_X0Y2 CLOCKREGION_X1Y1:CLOCKREGION_X1Y1 CLOCKREGION_X1Y2:CLOCKREGION_X1Y2}
#endgroup
