#-----------------------------------------------------------
# Vivado v2019.1 (64-bit)
# SW Build 2552052 on Fri May 24 14:47:09 MDT 2019
# IP Build 2548770 on Fri May 24 18:01:18 MDT 2019
# Start of session at: Thu Jan 12 10:42:12 2023
# Process ID: 4933
# Current directory: /home/zhichao/Downloads/GRLIB/grlib-gpl-2022.4-b4280/designs/noelv-digilent-arty-a7/vivado/noelv-digilent-arty-a7
# Command line: vivado noelv-digilent-arty-a7.xpr
# Log file: /home/zhichao/Downloads/GRLIB/grlib-gpl-2022.4-b4280/designs/noelv-digilent-arty-a7/vivado/noelv-digilent-arty-a7/vivado.log
# Journal file: /home/zhichao/Downloads/GRLIB/grlib-gpl-2022.4-b4280/designs/noelv-digilent-arty-a7/vivado/noelv-digilent-arty-a7/vivado.jou
#-----------------------------------------------------------
start_gui
open_project noelv-digilent-arty-a7.xpr
create_ip_run [get_files -of_objects [get_fileset sources_1] /home/zhichao/Downloads/GRLIB/grlib-gpl-2022.4-b4280/designs/noelv-digilent-arty-a7/vivado/noelv-digilent-arty-a7/noelv-digilent-arty-a7.srcs/sources_1/ip/mig/mig.xci]
create_ip_run [get_files -of_objects [get_fileset sources_1] /home/zhichao/Downloads/GRLIB/grlib-gpl-2022.4-b4280/designs/noelv-digilent-arty-a7/vivado/noelv-digilent-arty-a7/noelv-digilent-arty-a7.srcs/sources_1/ip/mig_cdc/mig_cdc.xci]
launch_runs mig_synth_1
wait_on_run mig_synth_1
launch_runs mig_cdc_synth_1
wait_on_run mig_cdc_synth_1
synth_design -rtl -name rtl_1
